// Jest Snapshot v1, https://goo.gl/fbAQLP

exports[`Home page matches snapshot 1`] = `
<DocumentFragment>
  <div
    class="jsx-3892888070"
  >
    <ul
      class="jsx-3892888070"
    >
      <li
        class="jsx-3892888070"
      >
        <a
          class="jsx-3892888070"
          href="/platforms/android/usage/advanced-usage"
        >
          /platforms/android/usage/advanced-usage/
        </a>
      </li>
      <li
        class="jsx-3892888070"
      >
        <a
          class="jsx-3892888070"
          href="/platforms/javascript/enriching-events/attachments"
        >
          /platforms/javascript/enriching-events/attachments/
        </a>
      </li>
      <li
        class="jsx-3892888070"
      >
        <a
          class="jsx-3892888070"
          href="/platforms/apple/usage"
        >
          /platforms/apple/usage/
        </a>
      </li>
    </ul>
  </div>
</DocumentFragment>
`;
